// Jest Snapshot v1, https://goo.gl/fbAQLP

exports[`Pruebas en componente <AddTodo /> Debe mostrarse correctamente 1`] = `
<Fragment>
  <h4>
    Agregar TODO
  </h4>
  <hr />
  <form
    onSubmit={[Function]}
  >
    <input
      autoComplete="off"
      className="form-control form-control-sm"
      name="todo"
      onChange={[Function]}
      placeholder="Nueva tarea..."
      type="text"
      value=""
    />
    <button
      className="btn btn-outline-primary mt-2 btn-sm w-100"
      type="submit"
    >
      Agregar
    </button>
  </form>
</Fragment>
`;
