// Jest Snapshot v1, https://goo.gl/fbAQLP

exports[`Pruebas en TodoListItem debe mostrarse correctamente 1`] = `
<li
  className="list-group-item d-flex justify-content-between align-items-center"
>
  <span
    className=""
    onClick={[Function]}
    type="button"
  >
    1
    . 
    Aprender React
  </span>
  <button
    className="btn btn-danger btn-sm"
    onClick={[Function]}
    type="button"
  >
    Borrar
  </button>
</li>
`;
