// Jest Snapshot v1, https://goo.gl/fbAQLP

exports[`Pruebas en <MultipleCustomHooks /> debe mostrarse correctamente sin data 1`] = `
<div
  className="container mt-5"
>
  <h1>
    MultipleCustomHooks
  </h1>
  <h2>
    Breaking Bad Quotes
  </h2>
  <p>
    Utilizando e interactuando 2 custom hooks, useCounter y 
    <b>
      useFetch
    </b>
    . Ã‰ste ultimo hook muestra el uso del useEffect, peticiones a una API de de forma asincrona y otro ejemplo de uso del return en un useEffect
  </p>
  <div
    className="alert alert-info text-center"
  >
    Loading...
  </div>
  <button
    className="btn btn-primary"
    onClick={[Function]}
  >
    Next quote
  </button>
  <hr />
</div>
`;
